// Jest Snapshot v1, https://goo.gl/fbAQLP

exports[`Card should render card 1`] = `ShallowWrapper {}`;
