// Jest Snapshot v1, https://goo.gl/fbAQLP

exports[`User Card should render card 1`] = `ShallowWrapper {}`;
